    Finished `release` profile [optimized] target(s) in 0.04s
     Running `target/release/tune --tag generalist-v0.4 --mode generalist --generations 100 --games 100 --mcts-sims 50`
📁 Experiment directory: "experiments/mcts/2026-01-14_0755_generalist-v0.4"
🔖 Engine version: cardgame v0.4.0 (ac0f5dd3)

Generalist mode:
  25 deck matchups
  Testing vs Random, Greedy, AND MCTS per matchup
  Total games per evaluation: 100
Weight Tuning
=============
Mode: generalist
Parallel: true
Generations: 100
Population: 13
Games/eval: 100
MCTS sims: 50
Initial sigma: 0.300
Seed: 42

Gen   0: best_fit= 74.40, best_wr= 76.0%, sigma=0.2827, time=7.3s
Gen   5: best_fit= 74.40, best_wr= 76.0%, sigma=0.2570, time=10.0s
Gen  10: best_fit= 74.40, best_wr= 76.0%, sigma=0.3243, time=5.3s
Gen  15: best_fit= 76.80, best_wr= 77.3%, sigma=0.3838, time=5.0s
Gen  20: best_fit= 78.00, best_wr= 80.0%, sigma=0.3897, time=12.5s
Gen  25: best_fit= 78.40, best_wr= 80.0%, sigma=0.3673, time=10.3s
Gen  30: best_fit= 78.40, best_wr= 80.0%, sigma=0.3545, time=6.0s
Gen  35: best_fit= 78.40, best_wr= 80.0%, sigma=0.4047, time=5.0s
Gen  40: best_fit= 78.40, best_wr= 80.0%, sigma=0.4995, time=9.0s
Gen  45: best_fit= 78.40, best_wr= 80.0%, sigma=0.5678, time=10.8s
Gen  50: best_fit= 78.40, best_wr= 80.0%, sigma=0.5517, time=7.3s
Gen  55: best_fit= 78.40, best_wr= 80.0%, sigma=0.4808, time=7.6s
Gen  60: best_fit= 82.40, best_wr= 81.3%, sigma=0.4052, time=8.4s
Gen  65: best_fit= 82.40, best_wr= 81.3%, sigma=0.3914, time=5.1s
Gen  70: best_fit= 82.40, best_wr= 81.3%, sigma=0.3350, time=7.1s
Gen  75: best_fit= 82.40, best_wr= 81.3%, sigma=0.2807, time=5.4s
Gen  80: best_fit= 82.40, best_wr= 81.3%, sigma=0.2389, time=8.2s
Gen  85: best_fit= 82.40, best_wr= 81.3%, sigma=0.2052, time=6.0s
Gen  90: best_fit= 82.40, best_wr= 81.3%, sigma=0.2105, time=8.5s
Gen  95: best_fit= 82.40, best_wr= 81.3%, sigma=0.2117, time=6.5s
